Copyright 1986-2022 Xilinx, Inc. All Rights Reserved. Copyright 2022-2025 Advanced Micro Devices, Inc. All Rights Reserved.
--------------------------------------------------------------------------------------------------------------------------------------------------------------------------------------------
| Tool Version      : Vivado v.2025.1 (win64) Build 6140274 Thu May 22 00:12:29 MDT 2025
| Date              : Wed Aug 13 17:31:06 2025
| Host              : DESKTOP-3S5LN80 running 64-bit major release  (build 9200)
| Command           : report_bus_skew -warn_on_violation -file qft3_top_pipelined_bus_skew_routed.rpt -pb qft3_top_pipelined_bus_skew_routed.pb -rpx qft3_top_pipelined_bus_skew_routed.rpx
| Design            : qft3_top_pipelined
| Device            : xczu7ev-ffvf1517
| Speed File        : -1LV  PRODUCTION 1.30 05-15-2022
| Design State      : Routed
| Temperature Grade : I
--------------------------------------------------------------------------------------------------------------------------------------------------------------------------------------------

Bus Skew Report

No bus skew constraints

