#-----------------------------------------------------------
# Vivado v2025.1 (64-bit)
# SW Build 6140274 on Thu May 22 00:12:29 MDT 2025
# IP Build 6138677 on Thu May 22 03:10:11 MDT 2025
# SharedData Build 6139179 on Tue May 20 17:58:58 MDT 2025
# Start of session at: Wed Aug 13 17:26:53 2025
# Process ID         : 46148
# Current directory  : D:/QFT_Bit/pipeline_reduced_qft/pipeline_reduced_1/project_2/project_2.runs/impl_1
# Command line       : vivado.exe -log qft3_top_pipelined.vdi -applog -product Vivado -messageDb vivado.pb -mode batch -source qft3_top_pipelined.tcl -notrace
# Log file           : D:/QFT_Bit/pipeline_reduced_qft/pipeline_reduced_1/project_2/project_2.runs/impl_1/qft3_top_pipelined.vdi
# Journal file       : D:/QFT_Bit/pipeline_reduced_qft/pipeline_reduced_1/project_2/project_2.runs/impl_1\vivado.jou
# Running On         : DESKTOP-3S5LN80
# Platform           : Windows Server 2016 or Windows 10
# Operating System   : 26100
# Processor Detail   : Intel(R) Core(TM) i7-9750H CPU @ 2.60GHz
# CPU Frequency      : 2592 MHz
# CPU Physical cores : 6
# CPU Logical cores  : 12
# Host memory        : 17095 MB
# Swap memory        : 36346 MB
# Total Virtual      : 53441 MB
# Available Virtual  : 15342 MB
#-----------------------------------------------------------
source qft3_top_pipelined.tcl -notrace
